==================================================
DATE: Wed, 15 Jul 2026 11:13:10 -0000
TO: v@x.mn
SUBJECT: Bayan AI - Альфа компаниас ирсэн урилга
CONTENT:

    <html>
      <body style="font-family: Arial, sans-serif; line-height: 1.6; color: #333;">
        <h2 style="color: #4f46e5;">Bayan AI платформд тавтай морил!</h2>
        <p>Сайн байна уу,</p>
        <p>Танд <b>Альфа</b> компаниас системд хамтран ажиллах урилга ирлээ.</p>
        <p>Нэвтрэх түр мэдээлэл:</p>
        <table style="border-collapse: collapse; width: 100%; max-width: 400px; margin: 20px 0;">
          <tr>
            <td style="padding: 8px; border: 1px solid #ddd; font-weight: bold;">Имэйл:</td>
            <td style="padding: 8px; border: 1px solid #ddd;">v@x.mn</td>
          </tr>
          <tr>
            <td style="padding: 8px; border: 1px solid #ddd; font-weight: bold;">Түр нууц үг:</td>
            <td style="padding: 8px; border: 1px solid #ddd; font-family: monospace;">нууц12345</td>
          </tr>
        </table>
        <p style="color: #6b7280; font-size: 13px;">Нэвтэрснийхээ дараа нууц үгээ заавал солино уу.</p>
        <br>
        <hr style="border: none; border-top: 1px solid #ddd;">
        <p style="font-size: 12px; color: #9ca3af;">Энэхүү имэйл нь автоматаар үүссэн тул хариу бичих шаардлагагүй.</p>
      </body>
    </html>
    
==================================================

==================================================
DATE: Wed, 15 Jul 2026 11:13:11 -0000
TO: acc@x.mn
SUBJECT: Bayan AI - Альфа компаниас ирсэн урилга
CONTENT:

    <html>
      <body style="font-family: Arial, sans-serif; line-height: 1.6; color: #333;">
        <h2 style="color: #4f46e5;">Bayan AI платформд тавтай морил!</h2>
        <p>Сайн байна уу,</p>
        <p>Танд <b>Альфа</b> компаниас системд хамтран ажиллах урилга ирлээ.</p>
        <p>Нэвтрэх түр мэдээлэл:</p>
        <table style="border-collapse: collapse; width: 100%; max-width: 400px; margin: 20px 0;">
          <tr>
            <td style="padding: 8px; border: 1px solid #ddd; font-weight: bold;">Имэйл:</td>
            <td style="padding: 8px; border: 1px solid #ddd;">acc@x.mn</td>
          </tr>
          <tr>
            <td style="padding: 8px; border: 1px solid #ddd; font-weight: bold;">Түр нууц үг:</td>
            <td style="padding: 8px; border: 1px solid #ddd; font-family: monospace;">нууц12345</td>
          </tr>
        </table>
        <p style="color: #6b7280; font-size: 13px;">Нэвтэрснийхээ дараа нууц үгээ заавал солино уу.</p>
        <br>
        <hr style="border: none; border-top: 1px solid #ddd;">
        <p style="font-size: 12px; color: #9ca3af;">Энэхүү имэйл нь автоматаар үүссэн тул хариу бичих шаардлагагүй.</p>
      </body>
    </html>
    
==================================================

==================================================
DATE: Wed, 15 Jul 2026 11:14:12 -0000
TO: v@x.mn
SUBJECT: Bayan AI - Альфа компаниас ирсэн урилга
CONTENT:

    <html>
      <body style="font-family: Arial, sans-serif; line-height: 1.6; color: #333;">
        <h2 style="color: #4f46e5;">Bayan AI платформд тавтай морил!</h2>
        <p>Сайн байна уу,</p>
        <p>Танд <b>Альфа</b> компаниас системд хамтран ажиллах урилга ирлээ.</p>
        <p>Нэвтрэх түр мэдээлэл:</p>
        <table style="border-collapse: collapse; width: 100%; max-width: 400px; margin: 20px 0;">
          <tr>
            <td style="padding: 8px; border: 1px solid #ddd; font-weight: bold;">Имэйл:</td>
            <td style="padding: 8px; border: 1px solid #ddd;">v@x.mn</td>
          </tr>
          <tr>
            <td style="padding: 8px; border: 1px solid #ddd; font-weight: bold;">Түр нууц үг:</td>
            <td style="padding: 8px; border: 1px solid #ddd; font-family: monospace;">нууц12345</td>
          </tr>
        </table>
        <p style="color: #6b7280; font-size: 13px;">Нэвтэрснийхээ дараа нууц үгээ заавал солино уу.</p>
        <br>
        <hr style="border: none; border-top: 1px solid #ddd;">
        <p style="font-size: 12px; color: #9ca3af;">Энэхүү имэйл нь автоматаар үүссэн тул хариу бичих шаардлагагүй.</p>
      </body>
    </html>
    
==================================================

==================================================
DATE: Wed, 15 Jul 2026 11:14:13 -0000
TO: acc@x.mn
SUBJECT: Bayan AI - Альфа компаниас ирсэн урилга
CONTENT:

    <html>
      <body style="font-family: Arial, sans-serif; line-height: 1.6; color: #333;">
        <h2 style="color: #4f46e5;">Bayan AI платформд тавтай морил!</h2>
        <p>Сайн байна уу,</p>
        <p>Танд <b>Альфа</b> компаниас системд хамтран ажиллах урилга ирлээ.</p>
        <p>Нэвтрэх түр мэдээлэл:</p>
        <table style="border-collapse: collapse; width: 100%; max-width: 400px; margin: 20px 0;">
          <tr>
            <td style="padding: 8px; border: 1px solid #ddd; font-weight: bold;">Имэйл:</td>
            <td style="padding: 8px; border: 1px solid #ddd;">acc@x.mn</td>
          </tr>
          <tr>
            <td style="padding: 8px; border: 1px solid #ddd; font-weight: bold;">Түр нууц үг:</td>
            <td style="padding: 8px; border: 1px solid #ddd; font-family: monospace;">нууц12345</td>
          </tr>
        </table>
        <p style="color: #6b7280; font-size: 13px;">Нэвтэрснийхээ дараа нууц үгээ заавал солино уу.</p>
        <br>
        <hr style="border: none; border-top: 1px solid #ddd;">
        <p style="font-size: 12px; color: #9ca3af;">Энэхүү имэйл нь автоматаар үүссэн тул хариу бичих шаардлагагүй.</p>
      </body>
    </html>
    
==================================================

==================================================
DATE: Wed, 15 Jul 2026 11:17:41 -0000
TO: v@x.mn
SUBJECT: Bayan AI - Альфа компаниас ирсэн урилга
CONTENT:

    <html>
      <body style="font-family: Arial, sans-serif; line-height: 1.6; color: #333;">
        <h2 style="color: #4f46e5;">Bayan AI платформд тавтай морил!</h2>
        <p>Сайн байна уу,</p>
        <p>Танд <b>Альфа</b> компаниас системд хамтран ажиллах урилга ирлээ.</p>
        <p>Нэвтрэх түр мэдээлэл:</p>
        <table style="border-collapse: collapse; width: 100%; max-width: 400px; margin: 20px 0;">
          <tr>
            <td style="padding: 8px; border: 1px solid #ddd; font-weight: bold;">Имэйл:</td>
            <td style="padding: 8px; border: 1px solid #ddd;">v@x.mn</td>
          </tr>
          <tr>
            <td style="padding: 8px; border: 1px solid #ddd; font-weight: bold;">Түр нууц үг:</td>
            <td style="padding: 8px; border: 1px solid #ddd; font-family: monospace;">нууц12345</td>
          </tr>
        </table>
        <p style="color: #6b7280; font-size: 13px;">Нэвтэрснийхээ дараа нууц үгээ заавал солино уу.</p>
        <br>
        <hr style="border: none; border-top: 1px solid #ddd;">
        <p style="font-size: 12px; color: #9ca3af;">Энэхүү имэйл нь автоматаар үүссэн тул хариу бичих шаардлагагүй.</p>
      </body>
    </html>
    
==================================================

==================================================
DATE: Wed, 15 Jul 2026 11:17:42 -0000
TO: acc@x.mn
SUBJECT: Bayan AI - Альфа компаниас ирсэн урилга
CONTENT:

    <html>
      <body style="font-family: Arial, sans-serif; line-height: 1.6; color: #333;">
        <h2 style="color: #4f46e5;">Bayan AI платформд тавтай морил!</h2>
        <p>Сайн байна уу,</p>
        <p>Танд <b>Альфа</b> компаниас системд хамтран ажиллах урилга ирлээ.</p>
        <p>Нэвтрэх түр мэдээлэл:</p>
        <table style="border-collapse: collapse; width: 100%; max-width: 400px; margin: 20px 0;">
          <tr>
            <td style="padding: 8px; border: 1px solid #ddd; font-weight: bold;">Имэйл:</td>
            <td style="padding: 8px; border: 1px solid #ddd;">acc@x.mn</td>
          </tr>
          <tr>
            <td style="padding: 8px; border: 1px solid #ddd; font-weight: bold;">Түр нууц үг:</td>
            <td style="padding: 8px; border: 1px solid #ddd; font-family: monospace;">нууц12345</td>
          </tr>
        </table>
        <p style="color: #6b7280; font-size: 13px;">Нэвтэрснийхээ дараа нууц үгээ заавал солино уу.</p>
        <br>
        <hr style="border: none; border-top: 1px solid #ddd;">
        <p style="font-size: 12px; color: #9ca3af;">Энэхүү имэйл нь автоматаар үүссэн тул хариу бичих шаардлагагүй.</p>
      </body>
    </html>
    
==================================================

==================================================
DATE: Wed, 15 Jul 2026 11:20:12 -0000
TO: v@x.mn
SUBJECT: Bayan AI - Альфа компаниас ирсэн урилга
CONTENT:

    <html>
      <body style="font-family: Arial, sans-serif; line-height: 1.6; color: #333;">
        <h2 style="color: #4f46e5;">Bayan AI платформд тавтай морил!</h2>
        <p>Сайн байна уу,</p>
        <p>Танд <b>Альфа</b> компаниас системд хамтран ажиллах урилга ирлээ.</p>
        <p>Нэвтрэх түр мэдээлэл:</p>
        <table style="border-collapse: collapse; width: 100%; max-width: 400px; margin: 20px 0;">
          <tr>
            <td style="padding: 8px; border: 1px solid #ddd; font-weight: bold;">Имэйл:</td>
            <td style="padding: 8px; border: 1px solid #ddd;">v@x.mn</td>
          </tr>
          <tr>
            <td style="padding: 8px; border: 1px solid #ddd; font-weight: bold;">Түр нууц үг:</td>
            <td style="padding: 8px; border: 1px solid #ddd; font-family: monospace;">нууц12345</td>
          </tr>
        </table>
        <p style="color: #6b7280; font-size: 13px;">Нэвтэрснийхээ дараа нууц үгээ заавал солино уу.</p>
        <br>
        <hr style="border: none; border-top: 1px solid #ddd;">
        <p style="font-size: 12px; color: #9ca3af;">Энэхүү имэйл нь автоматаар үүссэн тул хариу бичих шаардлагагүй.</p>
      </body>
    </html>
    
==================================================

==================================================
DATE: Wed, 15 Jul 2026 11:20:13 -0000
TO: acc@x.mn
SUBJECT: Bayan AI - Альфа компаниас ирсэн урилга
CONTENT:

    <html>
      <body style="font-family: Arial, sans-serif; line-height: 1.6; color: #333;">
        <h2 style="color: #4f46e5;">Bayan AI платформд тавтай морил!</h2>
        <p>Сайн байна уу,</p>
        <p>Танд <b>Альфа</b> компаниас системд хамтран ажиллах урилга ирлээ.</p>
        <p>Нэвтрэх түр мэдээлэл:</p>
        <table style="border-collapse: collapse; width: 100%; max-width: 400px; margin: 20px 0;">
          <tr>
            <td style="padding: 8px; border: 1px solid #ddd; font-weight: bold;">Имэйл:</td>
            <td style="padding: 8px; border: 1px solid #ddd;">acc@x.mn</td>
          </tr>
          <tr>
            <td style="padding: 8px; border: 1px solid #ddd; font-weight: bold;">Түр нууц үг:</td>
            <td style="padding: 8px; border: 1px solid #ddd; font-family: monospace;">нууц12345</td>
          </tr>
        </table>
        <p style="color: #6b7280; font-size: 13px;">Нэвтэрснийхээ дараа нууц үгээ заавал солино уу.</p>
        <br>
        <hr style="border: none; border-top: 1px solid #ddd;">
        <p style="font-size: 12px; color: #9ca3af;">Энэхүү имэйл нь автоматаар үүссэн тул хариу бичих шаардлагагүй.</p>
      </body>
    </html>
    
==================================================

==================================================
DATE: Wed, 15 Jul 2026 11:21:19 -0000
TO: v@x.mn
SUBJECT: Bayan AI - Альфа компаниас ирсэн урилга
CONTENT:

    <html>
      <body style="font-family: Arial, sans-serif; line-height: 1.6; color: #333;">
        <h2 style="color: #4f46e5;">Bayan AI платформд тавтай морил!</h2>
        <p>Сайн байна уу,</p>
        <p>Танд <b>Альфа</b> компаниас системд хамтран ажиллах урилга ирлээ.</p>
        <p>Нэвтрэх түр мэдээлэл:</p>
        <table style="border-collapse: collapse; width: 100%; max-width: 400px; margin: 20px 0;">
          <tr>
            <td style="padding: 8px; border: 1px solid #ddd; font-weight: bold;">Имэйл:</td>
            <td style="padding: 8px; border: 1px solid #ddd;">v@x.mn</td>
          </tr>
          <tr>
            <td style="padding: 8px; border: 1px solid #ddd; font-weight: bold;">Түр нууц үг:</td>
            <td style="padding: 8px; border: 1px solid #ddd; font-family: monospace;">нууц12345</td>
          </tr>
        </table>
        <p style="color: #6b7280; font-size: 13px;">Нэвтэрснийхээ дараа нууц үгээ заавал солино уу.</p>
        <br>
        <hr style="border: none; border-top: 1px solid #ddd;">
        <p style="font-size: 12px; color: #9ca3af;">Энэхүү имэйл нь автоматаар үүссэн тул хариу бичих шаардлагагүй.</p>
      </body>
    </html>
    
==================================================

==================================================
DATE: Wed, 15 Jul 2026 11:21:20 -0000
TO: acc@x.mn
SUBJECT: Bayan AI - Альфа компаниас ирсэн урилга
CONTENT:

    <html>
      <body style="font-family: Arial, sans-serif; line-height: 1.6; color: #333;">
        <h2 style="color: #4f46e5;">Bayan AI платформд тавтай морил!</h2>
        <p>Сайн байна уу,</p>
        <p>Танд <b>Альфа</b> компаниас системд хамтран ажиллах урилга ирлээ.</p>
        <p>Нэвтрэх түр мэдээлэл:</p>
        <table style="border-collapse: collapse; width: 100%; max-width: 400px; margin: 20px 0;">
          <tr>
            <td style="padding: 8px; border: 1px solid #ddd; font-weight: bold;">Имэйл:</td>
            <td style="padding: 8px; border: 1px solid #ddd;">acc@x.mn</td>
          </tr>
          <tr>
            <td style="padding: 8px; border: 1px solid #ddd; font-weight: bold;">Түр нууц үг:</td>
            <td style="padding: 8px; border: 1px solid #ddd; font-family: monospace;">нууц12345</td>
          </tr>
        </table>
        <p style="color: #6b7280; font-size: 13px;">Нэвтэрснийхээ дараа нууц үгээ заавал солино уу.</p>
        <br>
        <hr style="border: none; border-top: 1px solid #ddd;">
        <p style="font-size: 12px; color: #9ca3af;">Энэхүү имэйл нь автоматаар үүссэн тул хариу бичих шаардлагагүй.</p>
      </body>
    </html>
    
==================================================

==================================================
DATE: Wed, 15 Jul 2026 11:23:05 -0000
TO: v@x.mn
SUBJECT: Bayan AI - Альфа компаниас ирсэн урилга
CONTENT:

    <html>
      <body style="font-family: Arial, sans-serif; line-height: 1.6; color: #333;">
        <h2 style="color: #4f46e5;">Bayan AI платформд тавтай морил!</h2>
        <p>Сайн байна уу,</p>
        <p>Танд <b>Альфа</b> компаниас системд хамтран ажиллах урилга ирлээ.</p>
        <p>Нэвтрэх түр мэдээлэл:</p>
        <table style="border-collapse: collapse; width: 100%; max-width: 400px; margin: 20px 0;">
          <tr>
            <td style="padding: 8px; border: 1px solid #ddd; font-weight: bold;">Имэйл:</td>
            <td style="padding: 8px; border: 1px solid #ddd;">v@x.mn</td>
          </tr>
          <tr>
            <td style="padding: 8px; border: 1px solid #ddd; font-weight: bold;">Түр нууц үг:</td>
            <td style="padding: 8px; border: 1px solid #ddd; font-family: monospace;">нууц12345</td>
          </tr>
        </table>
        <p style="color: #6b7280; font-size: 13px;">Нэвтэрснийхээ дараа нууц үгээ заавал солино уу.</p>
        <br>
        <hr style="border: none; border-top: 1px solid #ddd;">
        <p style="font-size: 12px; color: #9ca3af;">Энэхүү имэйл нь автоматаар үүссэн тул хариу бичих шаардлагагүй.</p>
      </body>
    </html>
    
==================================================

==================================================
DATE: Wed, 15 Jul 2026 11:23:05 -0000
TO: acc@x.mn
SUBJECT: Bayan AI - Альфа компаниас ирсэн урилга
CONTENT:

    <html>
      <body style="font-family: Arial, sans-serif; line-height: 1.6; color: #333;">
        <h2 style="color: #4f46e5;">Bayan AI платформд тавтай морил!</h2>
        <p>Сайн байна уу,</p>
        <p>Танд <b>Альфа</b> компаниас системд хамтран ажиллах урилга ирлээ.</p>
        <p>Нэвтрэх түр мэдээлэл:</p>
        <table style="border-collapse: collapse; width: 100%; max-width: 400px; margin: 20px 0;">
          <tr>
            <td style="padding: 8px; border: 1px solid #ddd; font-weight: bold;">Имэйл:</td>
            <td style="padding: 8px; border: 1px solid #ddd;">acc@x.mn</td>
          </tr>
          <tr>
            <td style="padding: 8px; border: 1px solid #ddd; font-weight: bold;">Түр нууц үг:</td>
            <td style="padding: 8px; border: 1px solid #ddd; font-family: monospace;">нууц12345</td>
          </tr>
        </table>
        <p style="color: #6b7280; font-size: 13px;">Нэвтэрснийхээ дараа нууц үгээ заавал солино уу.</p>
        <br>
        <hr style="border: none; border-top: 1px solid #ddd;">
        <p style="font-size: 12px; color: #9ca3af;">Энэхүү имэйл нь автоматаар үүссэн тул хариу бичих шаардлагагүй.</p>
      </body>
    </html>
    
==================================================

==================================================
DATE: Wed, 15 Jul 2026 11:23:50 -0000
TO: v@x.mn
SUBJECT: Bayan AI - Альфа компаниас ирсэн урилга
CONTENT:

    <html>
      <body style="font-family: Arial, sans-serif; line-height: 1.6; color: #333;">
        <h2 style="color: #4f46e5;">Bayan AI платформд тавтай морил!</h2>
        <p>Сайн байна уу,</p>
        <p>Танд <b>Альфа</b> компаниас системд хамтран ажиллах урилга ирлээ.</p>
        <p>Нэвтрэх түр мэдээлэл:</p>
        <table style="border-collapse: collapse; width: 100%; max-width: 400px; margin: 20px 0;">
          <tr>
            <td style="padding: 8px; border: 1px solid #ddd; font-weight: bold;">Имэйл:</td>
            <td style="padding: 8px; border: 1px solid #ddd;">v@x.mn</td>
          </tr>
          <tr>
            <td style="padding: 8px; border: 1px solid #ddd; font-weight: bold;">Түр нууц үг:</td>
            <td style="padding: 8px; border: 1px solid #ddd; font-family: monospace;">нууц12345</td>
          </tr>
        </table>
        <p style="color: #6b7280; font-size: 13px;">Нэвтэрснийхээ дараа нууц үгээ заавал солино уу.</p>
        <br>
        <hr style="border: none; border-top: 1px solid #ddd;">
        <p style="font-size: 12px; color: #9ca3af;">Энэхүү имэйл нь автоматаар үүссэн тул хариу бичих шаардлагагүй.</p>
      </body>
    </html>
    
==================================================

==================================================
DATE: Wed, 15 Jul 2026 11:23:51 -0000
TO: acc@x.mn
SUBJECT: Bayan AI - Альфа компаниас ирсэн урилга
CONTENT:

    <html>
      <body style="font-family: Arial, sans-serif; line-height: 1.6; color: #333;">
        <h2 style="color: #4f46e5;">Bayan AI платформд тавтай морил!</h2>
        <p>Сайн байна уу,</p>
        <p>Танд <b>Альфа</b> компаниас системд хамтран ажиллах урилга ирлээ.</p>
        <p>Нэвтрэх түр мэдээлэл:</p>
        <table style="border-collapse: collapse; width: 100%; max-width: 400px; margin: 20px 0;">
          <tr>
            <td style="padding: 8px; border: 1px solid #ddd; font-weight: bold;">Имэйл:</td>
            <td style="padding: 8px; border: 1px solid #ddd;">acc@x.mn</td>
          </tr>
          <tr>
            <td style="padding: 8px; border: 1px solid #ddd; font-weight: bold;">Түр нууц үг:</td>
            <td style="padding: 8px; border: 1px solid #ddd; font-family: monospace;">нууц12345</td>
          </tr>
        </table>
        <p style="color: #6b7280; font-size: 13px;">Нэвтэрснийхээ дараа нууц үгээ заавал солино уу.</p>
        <br>
        <hr style="border: none; border-top: 1px solid #ddd;">
        <p style="font-size: 12px; color: #9ca3af;">Энэхүү имэйл нь автоматаар үүссэн тул хариу бичих шаардлагагүй.</p>
      </body>
    </html>
    
==================================================

==================================================
DATE: Wed, 15 Jul 2026 11:25:31 -0000
TO: v@x.mn
SUBJECT: Bayan AI - Альфа компаниас ирсэн урилга
CONTENT:

    <html>
      <body style="font-family: Arial, sans-serif; line-height: 1.6; color: #333;">
        <h2 style="color: #4f46e5;">Bayan AI платформд тавтай морил!</h2>
        <p>Сайн байна уу,</p>
        <p>Танд <b>Альфа</b> компаниас системд хамтран ажиллах урилга ирлээ.</p>
        <p>Нэвтрэх түр мэдээлэл:</p>
        <table style="border-collapse: collapse; width: 100%; max-width: 400px; margin: 20px 0;">
          <tr>
            <td style="padding: 8px; border: 1px solid #ddd; font-weight: bold;">Имэйл:</td>
            <td style="padding: 8px; border: 1px solid #ddd;">v@x.mn</td>
          </tr>
          <tr>
            <td style="padding: 8px; border: 1px solid #ddd; font-weight: bold;">Түр нууц үг:</td>
            <td style="padding: 8px; border: 1px solid #ddd; font-family: monospace;">нууц12345</td>
          </tr>
        </table>
        <p style="color: #6b7280; font-size: 13px;">Нэвтэрснийхээ дараа нууц үгээ заавал солино уу.</p>
        <br>
        <hr style="border: none; border-top: 1px solid #ddd;">
        <p style="font-size: 12px; color: #9ca3af;">Энэхүү имэйл нь автоматаар үүссэн тул хариу бичих шаардлагагүй.</p>
      </body>
    </html>
    
==================================================

==================================================
DATE: Wed, 15 Jul 2026 11:25:32 -0000
TO: acc@x.mn
SUBJECT: Bayan AI - Альфа компаниас ирсэн урилга
CONTENT:

    <html>
      <body style="font-family: Arial, sans-serif; line-height: 1.6; color: #333;">
        <h2 style="color: #4f46e5;">Bayan AI платформд тавтай морил!</h2>
        <p>Сайн байна уу,</p>
        <p>Танд <b>Альфа</b> компаниас системд хамтран ажиллах урилга ирлээ.</p>
        <p>Нэвтрэх түр мэдээлэл:</p>
        <table style="border-collapse: collapse; width: 100%; max-width: 400px; margin: 20px 0;">
          <tr>
            <td style="padding: 8px; border: 1px solid #ddd; font-weight: bold;">Имэйл:</td>
            <td style="padding: 8px; border: 1px solid #ddd;">acc@x.mn</td>
          </tr>
          <tr>
            <td style="padding: 8px; border: 1px solid #ddd; font-weight: bold;">Түр нууц үг:</td>
            <td style="padding: 8px; border: 1px solid #ddd; font-family: monospace;">нууц12345</td>
          </tr>
        </table>
        <p style="color: #6b7280; font-size: 13px;">Нэвтэрснийхээ дараа нууц үгээ заавал солино уу.</p>
        <br>
        <hr style="border: none; border-top: 1px solid #ddd;">
        <p style="font-size: 12px; color: #9ca3af;">Энэхүү имэйл нь автоматаар үүссэн тул хариу бичих шаардлагагүй.</p>
      </body>
    </html>
    
==================================================

==================================================
DATE: Wed, 15 Jul 2026 11:32:36 -0000
TO: v@x.mn
SUBJECT: Bayan AI - Альфа компаниас ирсэн урилга
CONTENT:

    <html>
      <body style="font-family: Arial, sans-serif; line-height: 1.6; color: #333;">
        <h2 style="color: #4f46e5;">Bayan AI платформд тавтай морил!</h2>
        <p>Сайн байна уу,</p>
        <p>Танд <b>Альфа</b> компаниас системд хамтран ажиллах урилга ирлээ.</p>
        <p>Нэвтрэх түр мэдээлэл:</p>
        <table style="border-collapse: collapse; width: 100%; max-width: 400px; margin: 20px 0;">
          <tr>
            <td style="padding: 8px; border: 1px solid #ddd; font-weight: bold;">Имэйл:</td>
            <td style="padding: 8px; border: 1px solid #ddd;">v@x.mn</td>
          </tr>
          <tr>
            <td style="padding: 8px; border: 1px solid #ddd; font-weight: bold;">Түр нууц үг:</td>
            <td style="padding: 8px; border: 1px solid #ddd; font-family: monospace;">нууц12345</td>
          </tr>
        </table>
        <p style="color: #6b7280; font-size: 13px;">Нэвтэрснийхээ дараа нууц үгээ заавал солино уу.</p>
        <br>
        <hr style="border: none; border-top: 1px solid #ddd;">
        <p style="font-size: 12px; color: #9ca3af;">Энэхүү имэйл нь автоматаар үүссэн тул хариу бичих шаардлагагүй.</p>
      </body>
    </html>
    
==================================================

==================================================
DATE: Wed, 15 Jul 2026 11:32:37 -0000
TO: acc@x.mn
SUBJECT: Bayan AI - Альфа компаниас ирсэн урилга
CONTENT:

    <html>
      <body style="font-family: Arial, sans-serif; line-height: 1.6; color: #333;">
        <h2 style="color: #4f46e5;">Bayan AI платформд тавтай морил!</h2>
        <p>Сайн байна уу,</p>
        <p>Танд <b>Альфа</b> компаниас системд хамтран ажиллах урилга ирлээ.</p>
        <p>Нэвтрэх түр мэдээлэл:</p>
        <table style="border-collapse: collapse; width: 100%; max-width: 400px; margin: 20px 0;">
          <tr>
            <td style="padding: 8px; border: 1px solid #ddd; font-weight: bold;">Имэйл:</td>
            <td style="padding: 8px; border: 1px solid #ddd;">acc@x.mn</td>
          </tr>
          <tr>
            <td style="padding: 8px; border: 1px solid #ddd; font-weight: bold;">Түр нууц үг:</td>
            <td style="padding: 8px; border: 1px solid #ddd; font-family: monospace;">нууц12345</td>
          </tr>
        </table>
        <p style="color: #6b7280; font-size: 13px;">Нэвтэрснийхээ дараа нууц үгээ заавал солино уу.</p>
        <br>
        <hr style="border: none; border-top: 1px solid #ddd;">
        <p style="font-size: 12px; color: #9ca3af;">Энэхүү имэйл нь автоматаар үүссэн тул хариу бичих шаардлагагүй.</p>
      </body>
    </html>
    
==================================================

==================================================
DATE: Wed, 15 Jul 2026 11:34:05 -0000
TO: v@x.mn
SUBJECT: Bayan AI - Альфа компаниас ирсэн урилга
CONTENT:

    <html>
      <body style="font-family: Arial, sans-serif; line-height: 1.6; color: #333;">
        <h2 style="color: #4f46e5;">Bayan AI платформд тавтай морил!</h2>
        <p>Сайн байна уу,</p>
        <p>Танд <b>Альфа</b> компаниас системд хамтран ажиллах урилга ирлээ.</p>
        <p>Нэвтрэх түр мэдээлэл:</p>
        <table style="border-collapse: collapse; width: 100%; max-width: 400px; margin: 20px 0;">
          <tr>
            <td style="padding: 8px; border: 1px solid #ddd; font-weight: bold;">Имэйл:</td>
            <td style="padding: 8px; border: 1px solid #ddd;">v@x.mn</td>
          </tr>
          <tr>
            <td style="padding: 8px; border: 1px solid #ddd; font-weight: bold;">Түр нууц үг:</td>
            <td style="padding: 8px; border: 1px solid #ddd; font-family: monospace;">нууц12345</td>
          </tr>
        </table>
        <p style="color: #6b7280; font-size: 13px;">Нэвтэрснийхээ дараа нууц үгээ заавал солино уу.</p>
        <br>
        <hr style="border: none; border-top: 1px solid #ddd;">
        <p style="font-size: 12px; color: #9ca3af;">Энэхүү имэйл нь автоматаар үүссэн тул хариу бичих шаардлагагүй.</p>
      </body>
    </html>
    
==================================================

==================================================
DATE: Wed, 15 Jul 2026 11:34:05 -0000
TO: acc@x.mn
SUBJECT: Bayan AI - Альфа компаниас ирсэн урилга
CONTENT:

    <html>
      <body style="font-family: Arial, sans-serif; line-height: 1.6; color: #333;">
        <h2 style="color: #4f46e5;">Bayan AI платформд тавтай морил!</h2>
        <p>Сайн байна уу,</p>
        <p>Танд <b>Альфа</b> компаниас системд хамтран ажиллах урилга ирлээ.</p>
        <p>Нэвтрэх түр мэдээлэл:</p>
        <table style="border-collapse: collapse; width: 100%; max-width: 400px; margin: 20px 0;">
          <tr>
            <td style="padding: 8px; border: 1px solid #ddd; font-weight: bold;">Имэйл:</td>
            <td style="padding: 8px; border: 1px solid #ddd;">acc@x.mn</td>
          </tr>
          <tr>
            <td style="padding: 8px; border: 1px solid #ddd; font-weight: bold;">Түр нууц үг:</td>
            <td style="padding: 8px; border: 1px solid #ddd; font-family: monospace;">нууц12345</td>
          </tr>
        </table>
        <p style="color: #6b7280; font-size: 13px;">Нэвтэрснийхээ дараа нууц үгээ заавал солино уу.</p>
        <br>
        <hr style="border: none; border-top: 1px solid #ddd;">
        <p style="font-size: 12px; color: #9ca3af;">Энэхүү имэйл нь автоматаар үүссэн тул хариу бичих шаардлагагүй.</p>
      </body>
    </html>
    
==================================================

==================================================
DATE: Wed, 15 Jul 2026 11:35:50 -0000
TO: v@x.mn
SUBJECT: Bayan AI - Альфа компаниас ирсэн урилга
CONTENT:

    <html>
      <body style="font-family: Arial, sans-serif; line-height: 1.6; color: #333;">
        <h2 style="color: #4f46e5;">Bayan AI платформд тавтай морил!</h2>
        <p>Сайн байна уу,</p>
        <p>Танд <b>Альфа</b> компаниас системд хамтран ажиллах урилга ирлээ.</p>
        <p>Нэвтрэх түр мэдээлэл:</p>
        <table style="border-collapse: collapse; width: 100%; max-width: 400px; margin: 20px 0;">
          <tr>
            <td style="padding: 8px; border: 1px solid #ddd; font-weight: bold;">Имэйл:</td>
            <td style="padding: 8px; border: 1px solid #ddd;">v@x.mn</td>
          </tr>
          <tr>
            <td style="padding: 8px; border: 1px solid #ddd; font-weight: bold;">Түр нууц үг:</td>
            <td style="padding: 8px; border: 1px solid #ddd; font-family: monospace;">нууц12345</td>
          </tr>
        </table>
        <p style="color: #6b7280; font-size: 13px;">Нэвтэрснийхээ дараа нууц үгээ заавал солино уу.</p>
        <br>
        <hr style="border: none; border-top: 1px solid #ddd;">
        <p style="font-size: 12px; color: #9ca3af;">Энэхүү имэйл нь автоматаар үүссэн тул хариу бичих шаардлагагүй.</p>
      </body>
    </html>
    
==================================================

==================================================
DATE: Wed, 15 Jul 2026 11:35:51 -0000
TO: acc@x.mn
SUBJECT: Bayan AI - Альфа компаниас ирсэн урилга
CONTENT:

    <html>
      <body style="font-family: Arial, sans-serif; line-height: 1.6; color: #333;">
        <h2 style="color: #4f46e5;">Bayan AI платформд тавтай морил!</h2>
        <p>Сайн байна уу,</p>
        <p>Танд <b>Альфа</b> компаниас системд хамтран ажиллах урилга ирлээ.</p>
        <p>Нэвтрэх түр мэдээлэл:</p>
        <table style="border-collapse: collapse; width: 100%; max-width: 400px; margin: 20px 0;">
          <tr>
            <td style="padding: 8px; border: 1px solid #ddd; font-weight: bold;">Имэйл:</td>
            <td style="padding: 8px; border: 1px solid #ddd;">acc@x.mn</td>
          </tr>
          <tr>
            <td style="padding: 8px; border: 1px solid #ddd; font-weight: bold;">Түр нууц үг:</td>
            <td style="padding: 8px; border: 1px solid #ddd; font-family: monospace;">нууц12345</td>
          </tr>
        </table>
        <p style="color: #6b7280; font-size: 13px;">Нэвтэрснийхээ дараа нууц үгээ заавал солино уу.</p>
        <br>
        <hr style="border: none; border-top: 1px solid #ddd;">
        <p style="font-size: 12px; color: #9ca3af;">Энэхүү имэйл нь автоматаар үүссэн тул хариу бичих шаардлагагүй.</p>
      </body>
    </html>
    
==================================================

==================================================
DATE: Wed, 15 Jul 2026 11:45:04 -0000
TO: v@x.mn
SUBJECT: Bayan AI - Альфа компаниас ирсэн урилга
CONTENT:

    <html>
      <body style="font-family: Arial, sans-serif; line-height: 1.6; color: #333;">
        <h2 style="color: #4f46e5;">Bayan AI платформд тавтай морил!</h2>
        <p>Сайн байна уу,</p>
        <p>Танд <b>Альфа</b> компаниас системд хамтран ажиллах урилга ирлээ.</p>
        <p>Нэвтрэх түр мэдээлэл:</p>
        <table style="border-collapse: collapse; width: 100%; max-width: 400px; margin: 20px 0;">
          <tr>
            <td style="padding: 8px; border: 1px solid #ddd; font-weight: bold;">Имэйл:</td>
            <td style="padding: 8px; border: 1px solid #ddd;">v@x.mn</td>
          </tr>
          <tr>
            <td style="padding: 8px; border: 1px solid #ddd; font-weight: bold;">Түр нууц үг:</td>
            <td style="padding: 8px; border: 1px solid #ddd; font-family: monospace;">нууц12345</td>
          </tr>
        </table>
        <p style="color: #6b7280; font-size: 13px;">Нэвтэрснийхээ дараа нууц үгээ заавал солино уу.</p>
        <br>
        <hr style="border: none; border-top: 1px solid #ddd;">
        <p style="font-size: 12px; color: #9ca3af;">Энэхүү имэйл нь автоматаар үүссэн тул хариу бичих шаардлагагүй.</p>
      </body>
    </html>
    
==================================================

==================================================
DATE: Wed, 15 Jul 2026 11:45:05 -0000
TO: acc@x.mn
SUBJECT: Bayan AI - Альфа компаниас ирсэн урилга
CONTENT:

    <html>
      <body style="font-family: Arial, sans-serif; line-height: 1.6; color: #333;">
        <h2 style="color: #4f46e5;">Bayan AI платформд тавтай морил!</h2>
        <p>Сайн байна уу,</p>
        <p>Танд <b>Альфа</b> компаниас системд хамтран ажиллах урилга ирлээ.</p>
        <p>Нэвтрэх түр мэдээлэл:</p>
        <table style="border-collapse: collapse; width: 100%; max-width: 400px; margin: 20px 0;">
          <tr>
            <td style="padding: 8px; border: 1px solid #ddd; font-weight: bold;">Имэйл:</td>
            <td style="padding: 8px; border: 1px solid #ddd;">acc@x.mn</td>
          </tr>
          <tr>
            <td style="padding: 8px; border: 1px solid #ddd; font-weight: bold;">Түр нууц үг:</td>
            <td style="padding: 8px; border: 1px solid #ddd; font-family: monospace;">нууц12345</td>
          </tr>
        </table>
        <p style="color: #6b7280; font-size: 13px;">Нэвтэрснийхээ дараа нууц үгээ заавал солино уу.</p>
        <br>
        <hr style="border: none; border-top: 1px solid #ddd;">
        <p style="font-size: 12px; color: #9ca3af;">Энэхүү имэйл нь автоматаар үүссэн тул хариу бичих шаардлагагүй.</p>
      </body>
    </html>
    
==================================================

==================================================
DATE: Wed, 15 Jul 2026 11:45:57 -0000
TO: v@x.mn
SUBJECT: Bayan AI - Альфа компаниас ирсэн урилга
CONTENT:

    <html>
      <body style="font-family: Arial, sans-serif; line-height: 1.6; color: #333;">
        <h2 style="color: #4f46e5;">Bayan AI платформд тавтай морил!</h2>
        <p>Сайн байна уу,</p>
        <p>Танд <b>Альфа</b> компаниас системд хамтран ажиллах урилга ирлээ.</p>
        <p>Нэвтрэх түр мэдээлэл:</p>
        <table style="border-collapse: collapse; width: 100%; max-width: 400px; margin: 20px 0;">
          <tr>
            <td style="padding: 8px; border: 1px solid #ddd; font-weight: bold;">Имэйл:</td>
            <td style="padding: 8px; border: 1px solid #ddd;">v@x.mn</td>
          </tr>
          <tr>
            <td style="padding: 8px; border: 1px solid #ddd; font-weight: bold;">Түр нууц үг:</td>
            <td style="padding: 8px; border: 1px solid #ddd; font-family: monospace;">нууц12345</td>
          </tr>
        </table>
        <p style="color: #6b7280; font-size: 13px;">Нэвтэрснийхээ дараа нууц үгээ заавал солино уу.</p>
        <br>
        <hr style="border: none; border-top: 1px solid #ddd;">
        <p style="font-size: 12px; color: #9ca3af;">Энэхүү имэйл нь автоматаар үүссэн тул хариу бичих шаардлагагүй.</p>
      </body>
    </html>
    
==================================================

==================================================
DATE: Wed, 15 Jul 2026 11:45:58 -0000
TO: acc@x.mn
SUBJECT: Bayan AI - Альфа компаниас ирсэн урилга
CONTENT:

    <html>
      <body style="font-family: Arial, sans-serif; line-height: 1.6; color: #333;">
        <h2 style="color: #4f46e5;">Bayan AI платформд тавтай морил!</h2>
        <p>Сайн байна уу,</p>
        <p>Танд <b>Альфа</b> компаниас системд хамтран ажиллах урилга ирлээ.</p>
        <p>Нэвтрэх түр мэдээлэл:</p>
        <table style="border-collapse: collapse; width: 100%; max-width: 400px; margin: 20px 0;">
          <tr>
            <td style="padding: 8px; border: 1px solid #ddd; font-weight: bold;">Имэйл:</td>
            <td style="padding: 8px; border: 1px solid #ddd;">acc@x.mn</td>
          </tr>
          <tr>
            <td style="padding: 8px; border: 1px solid #ddd; font-weight: bold;">Түр нууц үг:</td>
            <td style="padding: 8px; border: 1px solid #ddd; font-family: monospace;">нууц12345</td>
          </tr>
        </table>
        <p style="color: #6b7280; font-size: 13px;">Нэвтэрснийхээ дараа нууц үгээ заавал солино уу.</p>
        <br>
        <hr style="border: none; border-top: 1px solid #ddd;">
        <p style="font-size: 12px; color: #9ca3af;">Энэхүү имэйл нь автоматаар үүссэн тул хариу бичих шаардлагагүй.</p>
      </body>
    </html>
    
==================================================

==================================================
DATE: Wed, 15 Jul 2026 11:46:46 -0000
TO: v@x.mn
SUBJECT: Bayan AI - Альфа компаниас ирсэн урилга
CONTENT:

    <html>
      <body style="font-family: Arial, sans-serif; line-height: 1.6; color: #333;">
        <h2 style="color: #4f46e5;">Bayan AI платформд тавтай морил!</h2>
        <p>Сайн байна уу,</p>
        <p>Танд <b>Альфа</b> компаниас системд хамтран ажиллах урилга ирлээ.</p>
        <p>Нэвтрэх түр мэдээлэл:</p>
        <table style="border-collapse: collapse; width: 100%; max-width: 400px; margin: 20px 0;">
          <tr>
            <td style="padding: 8px; border: 1px solid #ddd; font-weight: bold;">Имэйл:</td>
            <td style="padding: 8px; border: 1px solid #ddd;">v@x.mn</td>
          </tr>
          <tr>
            <td style="padding: 8px; border: 1px solid #ddd; font-weight: bold;">Түр нууц үг:</td>
            <td style="padding: 8px; border: 1px solid #ddd; font-family: monospace;">нууц12345</td>
          </tr>
        </table>
        <p style="color: #6b7280; font-size: 13px;">Нэвтэрснийхээ дараа нууц үгээ заавал солино уу.</p>
        <br>
        <hr style="border: none; border-top: 1px solid #ddd;">
        <p style="font-size: 12px; color: #9ca3af;">Энэхүү имэйл нь автоматаар үүссэн тул хариу бичих шаардлагагүй.</p>
      </body>
    </html>
    
==================================================

==================================================
DATE: Wed, 15 Jul 2026 11:46:48 -0000
TO: acc@x.mn
SUBJECT: Bayan AI - Альфа компаниас ирсэн урилга
CONTENT:

    <html>
      <body style="font-family: Arial, sans-serif; line-height: 1.6; color: #333;">
        <h2 style="color: #4f46e5;">Bayan AI платформд тавтай морил!</h2>
        <p>Сайн байна уу,</p>
        <p>Танд <b>Альфа</b> компаниас системд хамтран ажиллах урилга ирлээ.</p>
        <p>Нэвтрэх түр мэдээлэл:</p>
        <table style="border-collapse: collapse; width: 100%; max-width: 400px; margin: 20px 0;">
          <tr>
            <td style="padding: 8px; border: 1px solid #ddd; font-weight: bold;">Имэйл:</td>
            <td style="padding: 8px; border: 1px solid #ddd;">acc@x.mn</td>
          </tr>
          <tr>
            <td style="padding: 8px; border: 1px solid #ddd; font-weight: bold;">Түр нууц үг:</td>
            <td style="padding: 8px; border: 1px solid #ddd; font-family: monospace;">нууц12345</td>
          </tr>
        </table>
        <p style="color: #6b7280; font-size: 13px;">Нэвтэрснийхээ дараа нууц үгээ заавал солино уу.</p>
        <br>
        <hr style="border: none; border-top: 1px solid #ddd;">
        <p style="font-size: 12px; color: #9ca3af;">Энэхүү имэйл нь автоматаар үүссэн тул хариу бичих шаардлагагүй.</p>
      </body>
    </html>
    
==================================================

==================================================
DATE: Wed, 15 Jul 2026 11:51:09 -0000
TO: v@x.mn
SUBJECT: Bayan AI - Альфа компаниас ирсэн урилга
CONTENT:

    <html>
      <body style="font-family: Arial, sans-serif; line-height: 1.6; color: #333;">
        <h2 style="color: #4f46e5;">Bayan AI платформд тавтай морил!</h2>
        <p>Сайн байна уу,</p>
        <p>Танд <b>Альфа</b> компаниас системд хамтран ажиллах урилга ирлээ.</p>
        <p>Нэвтрэх түр мэдээлэл:</p>
        <table style="border-collapse: collapse; width: 100%; max-width: 400px; margin: 20px 0;">
          <tr>
            <td style="padding: 8px; border: 1px solid #ddd; font-weight: bold;">Имэйл:</td>
            <td style="padding: 8px; border: 1px solid #ddd;">v@x.mn</td>
          </tr>
          <tr>
            <td style="padding: 8px; border: 1px solid #ddd; font-weight: bold;">Түр нууц үг:</td>
            <td style="padding: 8px; border: 1px solid #ddd; font-family: monospace;">нууц12345</td>
          </tr>
        </table>
        <p style="color: #6b7280; font-size: 13px;">Нэвтэрснийхээ дараа нууц үгээ заавал солино уу.</p>
        <br>
        <hr style="border: none; border-top: 1px solid #ddd;">
        <p style="font-size: 12px; color: #9ca3af;">Энэхүү имэйл нь автоматаар үүссэн тул хариу бичих шаардлагагүй.</p>
      </body>
    </html>
    
==================================================

==================================================
DATE: Wed, 15 Jul 2026 11:51:10 -0000
TO: acc@x.mn
SUBJECT: Bayan AI - Альфа компаниас ирсэн урилга
CONTENT:

    <html>
      <body style="font-family: Arial, sans-serif; line-height: 1.6; color: #333;">
        <h2 style="color: #4f46e5;">Bayan AI платформд тавтай морил!</h2>
        <p>Сайн байна уу,</p>
        <p>Танд <b>Альфа</b> компаниас системд хамтран ажиллах урилга ирлээ.</p>
        <p>Нэвтрэх түр мэдээлэл:</p>
        <table style="border-collapse: collapse; width: 100%; max-width: 400px; margin: 20px 0;">
          <tr>
            <td style="padding: 8px; border: 1px solid #ddd; font-weight: bold;">Имэйл:</td>
            <td style="padding: 8px; border: 1px solid #ddd;">acc@x.mn</td>
          </tr>
          <tr>
            <td style="padding: 8px; border: 1px solid #ddd; font-weight: bold;">Түр нууц үг:</td>
            <td style="padding: 8px; border: 1px solid #ddd; font-family: monospace;">нууц12345</td>
          </tr>
        </table>
        <p style="color: #6b7280; font-size: 13px;">Нэвтэрснийхээ дараа нууц үгээ заавал солино уу.</p>
        <br>
        <hr style="border: none; border-top: 1px solid #ddd;">
        <p style="font-size: 12px; color: #9ca3af;">Энэхүү имэйл нь автоматаар үүссэн тул хариу бичих шаардлагагүй.</p>
      </body>
    </html>
    
==================================================

==================================================
DATE: Wed, 15 Jul 2026 11:55:18 -0000
TO: v@x.mn
SUBJECT: Bayan AI - Альфа компаниас ирсэн урилга
CONTENT:

    <html>
      <body style="font-family: Arial, sans-serif; line-height: 1.6; color: #333;">
        <h2 style="color: #4f46e5;">Bayan AI платформд тавтай морил!</h2>
        <p>Сайн байна уу,</p>
        <p>Танд <b>Альфа</b> компаниас системд хамтран ажиллах урилга ирлээ.</p>
        <p>Нэвтрэх түр мэдээлэл:</p>
        <table style="border-collapse: collapse; width: 100%; max-width: 400px; margin: 20px 0;">
          <tr>
            <td style="padding: 8px; border: 1px solid #ddd; font-weight: bold;">Имэйл:</td>
            <td style="padding: 8px; border: 1px solid #ddd;">v@x.mn</td>
          </tr>
          <tr>
            <td style="padding: 8px; border: 1px solid #ddd; font-weight: bold;">Түр нууц үг:</td>
            <td style="padding: 8px; border: 1px solid #ddd; font-family: monospace;">нууц12345</td>
          </tr>
        </table>
        <p style="color: #6b7280; font-size: 13px;">Нэвтэрснийхээ дараа нууц үгээ заавал солино уу.</p>
        <br>
        <hr style="border: none; border-top: 1px solid #ddd;">
        <p style="font-size: 12px; color: #9ca3af;">Энэхүү имэйл нь автоматаар үүссэн тул хариу бичих шаардлагагүй.</p>
      </body>
    </html>
    
==================================================

==================================================
DATE: Wed, 15 Jul 2026 11:55:19 -0000
TO: acc@x.mn
SUBJECT: Bayan AI - Альфа компаниас ирсэн урилга
CONTENT:

    <html>
      <body style="font-family: Arial, sans-serif; line-height: 1.6; color: #333;">
        <h2 style="color: #4f46e5;">Bayan AI платформд тавтай морил!</h2>
        <p>Сайн байна уу,</p>
        <p>Танд <b>Альфа</b> компаниас системд хамтран ажиллах урилга ирлээ.</p>
        <p>Нэвтрэх түр мэдээлэл:</p>
        <table style="border-collapse: collapse; width: 100%; max-width: 400px; margin: 20px 0;">
          <tr>
            <td style="padding: 8px; border: 1px solid #ddd; font-weight: bold;">Имэйл:</td>
            <td style="padding: 8px; border: 1px solid #ddd;">acc@x.mn</td>
          </tr>
          <tr>
            <td style="padding: 8px; border: 1px solid #ddd; font-weight: bold;">Түр нууц үг:</td>
            <td style="padding: 8px; border: 1px solid #ddd; font-family: monospace;">нууц12345</td>
          </tr>
        </table>
        <p style="color: #6b7280; font-size: 13px;">Нэвтэрснийхээ дараа нууц үгээ заавал солино уу.</p>
        <br>
        <hr style="border: none; border-top: 1px solid #ddd;">
        <p style="font-size: 12px; color: #9ca3af;">Энэхүү имэйл нь автоматаар үүссэн тул хариу бичих шаардлагагүй.</p>
      </body>
    </html>
    
==================================================

==================================================
DATE: Wed, 15 Jul 2026 12:00:32 -0000
TO: v@x.mn
SUBJECT: Bayan AI - Альфа компаниас ирсэн урилга
CONTENT:

    <html>
      <body style="font-family: Arial, sans-serif; line-height: 1.6; color: #333;">
        <h2 style="color: #4f46e5;">Bayan AI платформд тавтай морил!</h2>
        <p>Сайн байна уу,</p>
        <p>Танд <b>Альфа</b> компаниас системд хамтран ажиллах урилга ирлээ.</p>
        <p>Нэвтрэх түр мэдээлэл:</p>
        <table style="border-collapse: collapse; width: 100%; max-width: 400px; margin: 20px 0;">
          <tr>
            <td style="padding: 8px; border: 1px solid #ddd; font-weight: bold;">Имэйл:</td>
            <td style="padding: 8px; border: 1px solid #ddd;">v@x.mn</td>
          </tr>
          <tr>
            <td style="padding: 8px; border: 1px solid #ddd; font-weight: bold;">Түр нууц үг:</td>
            <td style="padding: 8px; border: 1px solid #ddd; font-family: monospace;">нууц12345</td>
          </tr>
        </table>
        <p style="color: #6b7280; font-size: 13px;">Нэвтэрснийхээ дараа нууц үгээ заавал солино уу.</p>
        <br>
        <hr style="border: none; border-top: 1px solid #ddd;">
        <p style="font-size: 12px; color: #9ca3af;">Энэхүү имэйл нь автоматаар үүссэн тул хариу бичих шаардлагагүй.</p>
      </body>
    </html>
    
==================================================

==================================================
DATE: Wed, 15 Jul 2026 12:00:33 -0000
TO: acc@x.mn
SUBJECT: Bayan AI - Альфа компаниас ирсэн урилга
CONTENT:

    <html>
      <body style="font-family: Arial, sans-serif; line-height: 1.6; color: #333;">
        <h2 style="color: #4f46e5;">Bayan AI платформд тавтай морил!</h2>
        <p>Сайн байна уу,</p>
        <p>Танд <b>Альфа</b> компаниас системд хамтран ажиллах урилга ирлээ.</p>
        <p>Нэвтрэх түр мэдээлэл:</p>
        <table style="border-collapse: collapse; width: 100%; max-width: 400px; margin: 20px 0;">
          <tr>
            <td style="padding: 8px; border: 1px solid #ddd; font-weight: bold;">Имэйл:</td>
            <td style="padding: 8px; border: 1px solid #ddd;">acc@x.mn</td>
          </tr>
          <tr>
            <td style="padding: 8px; border: 1px solid #ddd; font-weight: bold;">Түр нууц үг:</td>
            <td style="padding: 8px; border: 1px solid #ddd; font-family: monospace;">нууц12345</td>
          </tr>
        </table>
        <p style="color: #6b7280; font-size: 13px;">Нэвтэрснийхээ дараа нууц үгээ заавал солино уу.</p>
        <br>
        <hr style="border: none; border-top: 1px solid #ddd;">
        <p style="font-size: 12px; color: #9ca3af;">Энэхүү имэйл нь автоматаар үүссэн тул хариу бичих шаардлагагүй.</p>
      </body>
    </html>
    
==================================================

==================================================
DATE: Wed, 15 Jul 2026 12:02:38 -0000
TO: v@x.mn
SUBJECT: Bayan AI - Альфа компаниас ирсэн урилга
CONTENT:

    <html>
      <body style="font-family: Arial, sans-serif; line-height: 1.6; color: #333;">
        <h2 style="color: #4f46e5;">Bayan AI платформд тавтай морил!</h2>
        <p>Сайн байна уу,</p>
        <p>Танд <b>Альфа</b> компаниас системд хамтран ажиллах урилга ирлээ.</p>
        <p>Нэвтрэх түр мэдээлэл:</p>
        <table style="border-collapse: collapse; width: 100%; max-width: 400px; margin: 20px 0;">
          <tr>
            <td style="padding: 8px; border: 1px solid #ddd; font-weight: bold;">Имэйл:</td>
            <td style="padding: 8px; border: 1px solid #ddd;">v@x.mn</td>
          </tr>
          <tr>
            <td style="padding: 8px; border: 1px solid #ddd; font-weight: bold;">Түр нууц үг:</td>
            <td style="padding: 8px; border: 1px solid #ddd; font-family: monospace;">нууц12345</td>
          </tr>
        </table>
        <p style="color: #6b7280; font-size: 13px;">Нэвтэрснийхээ дараа нууц үгээ заавал солино уу.</p>
        <br>
        <hr style="border: none; border-top: 1px solid #ddd;">
        <p style="font-size: 12px; color: #9ca3af;">Энэхүү имэйл нь автоматаар үүссэн тул хариу бичих шаардлагагүй.</p>
      </body>
    </html>
    
==================================================

==================================================
DATE: Wed, 15 Jul 2026 12:02:39 -0000
TO: acc@x.mn
SUBJECT: Bayan AI - Альфа компаниас ирсэн урилга
CONTENT:

    <html>
      <body style="font-family: Arial, sans-serif; line-height: 1.6; color: #333;">
        <h2 style="color: #4f46e5;">Bayan AI платформд тавтай морил!</h2>
        <p>Сайн байна уу,</p>
        <p>Танд <b>Альфа</b> компаниас системд хамтран ажиллах урилга ирлээ.</p>
        <p>Нэвтрэх түр мэдээлэл:</p>
        <table style="border-collapse: collapse; width: 100%; max-width: 400px; margin: 20px 0;">
          <tr>
            <td style="padding: 8px; border: 1px solid #ddd; font-weight: bold;">Имэйл:</td>
            <td style="padding: 8px; border: 1px solid #ddd;">acc@x.mn</td>
          </tr>
          <tr>
            <td style="padding: 8px; border: 1px solid #ddd; font-weight: bold;">Түр нууц үг:</td>
            <td style="padding: 8px; border: 1px solid #ddd; font-family: monospace;">нууц12345</td>
          </tr>
        </table>
        <p style="color: #6b7280; font-size: 13px;">Нэвтэрснийхээ дараа нууц үгээ заавал солино уу.</p>
        <br>
        <hr style="border: none; border-top: 1px solid #ddd;">
        <p style="font-size: 12px; color: #9ca3af;">Энэхүү имэйл нь автоматаар үүссэн тул хариу бичих шаардлагагүй.</p>
      </body>
    </html>
    
==================================================

==================================================
DATE: Wed, 15 Jul 2026 12:03:36 -0000
TO: v@x.mn
SUBJECT: Bayan AI - Альфа компаниас ирсэн урилга
CONTENT:

    <html>
      <body style="font-family: Arial, sans-serif; line-height: 1.6; color: #333;">
        <h2 style="color: #4f46e5;">Bayan AI платформд тавтай морил!</h2>
        <p>Сайн байна уу,</p>
        <p>Танд <b>Альфа</b> компаниас системд хамтран ажиллах урилга ирлээ.</p>
        <p>Нэвтрэх түр мэдээлэл:</p>
        <table style="border-collapse: collapse; width: 100%; max-width: 400px; margin: 20px 0;">
          <tr>
            <td style="padding: 8px; border: 1px solid #ddd; font-weight: bold;">Имэйл:</td>
            <td style="padding: 8px; border: 1px solid #ddd;">v@x.mn</td>
          </tr>
          <tr>
            <td style="padding: 8px; border: 1px solid #ddd; font-weight: bold;">Түр нууц үг:</td>
            <td style="padding: 8px; border: 1px solid #ddd; font-family: monospace;">нууц12345</td>
          </tr>
        </table>
        <p style="color: #6b7280; font-size: 13px;">Нэвтэрснийхээ дараа нууц үгээ заавал солино уу.</p>
        <br>
        <hr style="border: none; border-top: 1px solid #ddd;">
        <p style="font-size: 12px; color: #9ca3af;">Энэхүү имэйл нь автоматаар үүссэн тул хариу бичих шаардлагагүй.</p>
      </body>
    </html>
    
==================================================

==================================================
DATE: Wed, 15 Jul 2026 12:03:37 -0000
TO: acc@x.mn
SUBJECT: Bayan AI - Альфа компаниас ирсэн урилга
CONTENT:

    <html>
      <body style="font-family: Arial, sans-serif; line-height: 1.6; color: #333;">
        <h2 style="color: #4f46e5;">Bayan AI платформд тавтай морил!</h2>
        <p>Сайн байна уу,</p>
        <p>Танд <b>Альфа</b> компаниас системд хамтран ажиллах урилга ирлээ.</p>
        <p>Нэвтрэх түр мэдээлэл:</p>
        <table style="border-collapse: collapse; width: 100%; max-width: 400px; margin: 20px 0;">
          <tr>
            <td style="padding: 8px; border: 1px solid #ddd; font-weight: bold;">Имэйл:</td>
            <td style="padding: 8px; border: 1px solid #ddd;">acc@x.mn</td>
          </tr>
          <tr>
            <td style="padding: 8px; border: 1px solid #ddd; font-weight: bold;">Түр нууц үг:</td>
            <td style="padding: 8px; border: 1px solid #ddd; font-family: monospace;">нууц12345</td>
          </tr>
        </table>
        <p style="color: #6b7280; font-size: 13px;">Нэвтэрснийхээ дараа нууц үгээ заавал солино уу.</p>
        <br>
        <hr style="border: none; border-top: 1px solid #ddd;">
        <p style="font-size: 12px; color: #9ca3af;">Энэхүү имэйл нь автоматаар үүссэн тул хариу бичих шаардлагагүй.</p>
      </body>
    </html>
    
==================================================

==================================================
DATE: Wed, 15 Jul 2026 12:10:45 -0000
TO: v@x.mn
SUBJECT: Bayan AI - Альфа компаниас ирсэн урилга
CONTENT:

    <html>
      <body style="font-family: Arial, sans-serif; line-height: 1.6; color: #333;">
        <h2 style="color: #4f46e5;">Bayan AI платформд тавтай морил!</h2>
        <p>Сайн байна уу,</p>
        <p>Танд <b>Альфа</b> компаниас системд хамтран ажиллах урилга ирлээ.</p>
        <p>Нэвтрэх түр мэдээлэл:</p>
        <table style="border-collapse: collapse; width: 100%; max-width: 400px; margin: 20px 0;">
          <tr>
            <td style="padding: 8px; border: 1px solid #ddd; font-weight: bold;">Имэйл:</td>
            <td style="padding: 8px; border: 1px solid #ddd;">v@x.mn</td>
          </tr>
          <tr>
            <td style="padding: 8px; border: 1px solid #ddd; font-weight: bold;">Түр нууц үг:</td>
            <td style="padding: 8px; border: 1px solid #ddd; font-family: monospace;">нууц12345</td>
          </tr>
        </table>
        <p style="color: #6b7280; font-size: 13px;">Нэвтэрснийхээ дараа нууц үгээ заавал солино уу.</p>
        <br>
        <hr style="border: none; border-top: 1px solid #ddd;">
        <p style="font-size: 12px; color: #9ca3af;">Энэхүү имэйл нь автоматаар үүссэн тул хариу бичих шаардлагагүй.</p>
      </body>
    </html>
    
==================================================

==================================================
DATE: Wed, 15 Jul 2026 12:10:46 -0000
TO: acc@x.mn
SUBJECT: Bayan AI - Альфа компаниас ирсэн урилга
CONTENT:

    <html>
      <body style="font-family: Arial, sans-serif; line-height: 1.6; color: #333;">
        <h2 style="color: #4f46e5;">Bayan AI платформд тавтай морил!</h2>
        <p>Сайн байна уу,</p>
        <p>Танд <b>Альфа</b> компаниас системд хамтран ажиллах урилга ирлээ.</p>
        <p>Нэвтрэх түр мэдээлэл:</p>
        <table style="border-collapse: collapse; width: 100%; max-width: 400px; margin: 20px 0;">
          <tr>
            <td style="padding: 8px; border: 1px solid #ddd; font-weight: bold;">Имэйл:</td>
            <td style="padding: 8px; border: 1px solid #ddd;">acc@x.mn</td>
          </tr>
          <tr>
            <td style="padding: 8px; border: 1px solid #ddd; font-weight: bold;">Түр нууц үг:</td>
            <td style="padding: 8px; border: 1px solid #ddd; font-family: monospace;">нууц12345</td>
          </tr>
        </table>
        <p style="color: #6b7280; font-size: 13px;">Нэвтэрснийхээ дараа нууц үгээ заавал солино уу.</p>
        <br>
        <hr style="border: none; border-top: 1px solid #ddd;">
        <p style="font-size: 12px; color: #9ca3af;">Энэхүү имэйл нь автоматаар үүссэн тул хариу бичих шаардлагагүй.</p>
      </body>
    </html>
    
==================================================

==================================================
DATE: Wed, 15 Jul 2026 12:11:50 -0000
TO: v@x.mn
SUBJECT: Bayan AI - Альфа компаниас ирсэн урилга
CONTENT:

    <html>
      <body style="font-family: Arial, sans-serif; line-height: 1.6; color: #333;">
        <h2 style="color: #4f46e5;">Bayan AI платформд тавтай морил!</h2>
        <p>Сайн байна уу,</p>
        <p>Танд <b>Альфа</b> компаниас системд хамтран ажиллах урилга ирлээ.</p>
        <p>Нэвтрэх түр мэдээлэл:</p>
        <table style="border-collapse: collapse; width: 100%; max-width: 400px; margin: 20px 0;">
          <tr>
            <td style="padding: 8px; border: 1px solid #ddd; font-weight: bold;">Имэйл:</td>
            <td style="padding: 8px; border: 1px solid #ddd;">v@x.mn</td>
          </tr>
          <tr>
            <td style="padding: 8px; border: 1px solid #ddd; font-weight: bold;">Түр нууц үг:</td>
            <td style="padding: 8px; border: 1px solid #ddd; font-family: monospace;">нууц12345</td>
          </tr>
        </table>
        <p style="color: #6b7280; font-size: 13px;">Нэвтэрснийхээ дараа нууц үгээ заавал солино уу.</p>
        <br>
        <hr style="border: none; border-top: 1px solid #ddd;">
        <p style="font-size: 12px; color: #9ca3af;">Энэхүү имэйл нь автоматаар үүссэн тул хариу бичих шаардлагагүй.</p>
      </body>
    </html>
    
==================================================

==================================================
DATE: Wed, 15 Jul 2026 12:11:51 -0000
TO: acc@x.mn
SUBJECT: Bayan AI - Альфа компаниас ирсэн урилга
CONTENT:

    <html>
      <body style="font-family: Arial, sans-serif; line-height: 1.6; color: #333;">
        <h2 style="color: #4f46e5;">Bayan AI платформд тавтай морил!</h2>
        <p>Сайн байна уу,</p>
        <p>Танд <b>Альфа</b> компаниас системд хамтран ажиллах урилга ирлээ.</p>
        <p>Нэвтрэх түр мэдээлэл:</p>
        <table style="border-collapse: collapse; width: 100%; max-width: 400px; margin: 20px 0;">
          <tr>
            <td style="padding: 8px; border: 1px solid #ddd; font-weight: bold;">Имэйл:</td>
            <td style="padding: 8px; border: 1px solid #ddd;">acc@x.mn</td>
          </tr>
          <tr>
            <td style="padding: 8px; border: 1px solid #ddd; font-weight: bold;">Түр нууц үг:</td>
            <td style="padding: 8px; border: 1px solid #ddd; font-family: monospace;">нууц12345</td>
          </tr>
        </table>
        <p style="color: #6b7280; font-size: 13px;">Нэвтэрснийхээ дараа нууц үгээ заавал солино уу.</p>
        <br>
        <hr style="border: none; border-top: 1px solid #ddd;">
        <p style="font-size: 12px; color: #9ca3af;">Энэхүү имэйл нь автоматаар үүссэн тул хариу бичих шаардлагагүй.</p>
      </body>
    </html>
    
==================================================

==================================================
DATE: Mon, 27 Jul 2026 03:41:34 -0000
TO: v@x.mn
SUBJECT: Bayan AI - Альфа компаниас ирсэн урилга
CONTENT:

    <html>
      <body style="font-family: Arial, sans-serif; line-height: 1.6; color: #333;">
        <h2 style="color: #4f46e5;">Bayan AI платформд тавтай морил!</h2>
        <p>Сайн байна уу,</p>
        <p>Танд <b>Альфа</b> компаниас системд хамтран ажиллах урилга ирлээ.</p>
        <p>Нэвтрэх түр мэдээлэл:</p>
        <table style="border-collapse: collapse; width: 100%; max-width: 400px; margin: 20px 0;">
          <tr>
            <td style="padding: 8px; border: 1px solid #ddd; font-weight: bold;">Имэйл:</td>
            <td style="padding: 8px; border: 1px solid #ddd;">v@x.mn</td>
          </tr>
          <tr>
            <td style="padding: 8px; border: 1px solid #ddd; font-weight: bold;">Түр нууц үг:</td>
            <td style="padding: 8px; border: 1px solid #ddd; font-family: monospace;">нууц12345</td>
          </tr>
        </table>
        <p style="color: #6b7280; font-size: 13px;">Нэвтэрснийхээ дараа нууц үгээ заавал солино уу.</p>
        <br>
        <hr style="border: none; border-top: 1px solid #ddd;">
        <p style="font-size: 12px; color: #9ca3af;">Энэхүү имэйл нь автоматаар үүссэн тул хариу бичих шаардлагагүй.</p>
      </body>
    </html>
    
==================================================

==================================================
DATE: Mon, 27 Jul 2026 03:41:35 -0000
TO: acc@x.mn
SUBJECT: Bayan AI - Альфа компаниас ирсэн урилга
CONTENT:

    <html>
      <body style="font-family: Arial, sans-serif; line-height: 1.6; color: #333;">
        <h2 style="color: #4f46e5;">Bayan AI платформд тавтай морил!</h2>
        <p>Сайн байна уу,</p>
        <p>Танд <b>Альфа</b> компаниас системд хамтран ажиллах урилга ирлээ.</p>
        <p>Нэвтрэх түр мэдээлэл:</p>
        <table style="border-collapse: collapse; width: 100%; max-width: 400px; margin: 20px 0;">
          <tr>
            <td style="padding: 8px; border: 1px solid #ddd; font-weight: bold;">Имэйл:</td>
            <td style="padding: 8px; border: 1px solid #ddd;">acc@x.mn</td>
          </tr>
          <tr>
            <td style="padding: 8px; border: 1px solid #ddd; font-weight: bold;">Түр нууц үг:</td>
            <td style="padding: 8px; border: 1px solid #ddd; font-family: monospace;">нууц12345</td>
          </tr>
        </table>
        <p style="color: #6b7280; font-size: 13px;">Нэвтэрснийхээ дараа нууц үгээ заавал солино уу.</p>
        <br>
        <hr style="border: none; border-top: 1px solid #ddd;">
        <p style="font-size: 12px; color: #9ca3af;">Энэхүү имэйл нь автоматаар үүссэн тул хариу бичих шаардлагагүй.</p>
      </body>
    </html>
    
==================================================

==================================================
DATE: Mon, 27 Jul 2026 04:30:03 -0000
TO: v@x.mn
SUBJECT: Bayan AI - Альфа компаниас ирсэн урилга
CONTENT:

    <html>
      <body style="font-family: Arial, sans-serif; line-height: 1.6; color: #333;">
        <h2 style="color: #4f46e5;">Bayan AI платформд тавтай морил!</h2>
        <p>Сайн байна уу,</p>
        <p>Танд <b>Альфа</b> компаниас системд хамтран ажиллах урилга ирлээ.</p>
        <p>Нэвтрэх түр мэдээлэл:</p>
        <table style="border-collapse: collapse; width: 100%; max-width: 400px; margin: 20px 0;">
          <tr>
            <td style="padding: 8px; border: 1px solid #ddd; font-weight: bold;">Имэйл:</td>
            <td style="padding: 8px; border: 1px solid #ddd;">v@x.mn</td>
          </tr>
          <tr>
            <td style="padding: 8px; border: 1px solid #ddd; font-weight: bold;">Түр нууц үг:</td>
            <td style="padding: 8px; border: 1px solid #ddd; font-family: monospace;">нууц12345</td>
          </tr>
        </table>
        <p style="color: #6b7280; font-size: 13px;">Нэвтэрснийхээ дараа нууц үгээ заавал солино уу.</p>
        <br>
        <hr style="border: none; border-top: 1px solid #ddd;">
        <p style="font-size: 12px; color: #9ca3af;">Энэхүү имэйл нь автоматаар үүссэн тул хариу бичих шаардлагагүй.</p>
      </body>
    </html>
    
==================================================

==================================================
DATE: Mon, 27 Jul 2026 04:30:04 -0000
TO: acc@x.mn
SUBJECT: Bayan AI - Альфа компаниас ирсэн урилга
CONTENT:

    <html>
      <body style="font-family: Arial, sans-serif; line-height: 1.6; color: #333;">
        <h2 style="color: #4f46e5;">Bayan AI платформд тавтай морил!</h2>
        <p>Сайн байна уу,</p>
        <p>Танд <b>Альфа</b> компаниас системд хамтран ажиллах урилга ирлээ.</p>
        <p>Нэвтрэх түр мэдээлэл:</p>
        <table style="border-collapse: collapse; width: 100%; max-width: 400px; margin: 20px 0;">
          <tr>
            <td style="padding: 8px; border: 1px solid #ddd; font-weight: bold;">Имэйл:</td>
            <td style="padding: 8px; border: 1px solid #ddd;">acc@x.mn</td>
          </tr>
          <tr>
            <td style="padding: 8px; border: 1px solid #ddd; font-weight: bold;">Түр нууц үг:</td>
            <td style="padding: 8px; border: 1px solid #ddd; font-family: monospace;">нууц12345</td>
          </tr>
        </table>
        <p style="color: #6b7280; font-size: 13px;">Нэвтэрснийхээ дараа нууц үгээ заавал солино уу.</p>
        <br>
        <hr style="border: none; border-top: 1px solid #ddd;">
        <p style="font-size: 12px; color: #9ca3af;">Энэхүү имэйл нь автоматаар үүссэн тул хариу бичих шаардлагагүй.</p>
      </body>
    </html>
    
==================================================

==================================================
DATE: Mon, 27 Jul 2026 04:34:17 -0000
TO: v@x.mn
SUBJECT: Bayan AI - Альфа компаниас ирсэн урилга
CONTENT:

    <html>
      <body style="font-family: Arial, sans-serif; line-height: 1.6; color: #333;">
        <h2 style="color: #4f46e5;">Bayan AI платформд тавтай морил!</h2>
        <p>Сайн байна уу,</p>
        <p>Танд <b>Альфа</b> компаниас системд хамтран ажиллах урилга ирлээ.</p>
        <p>Нэвтрэх түр мэдээлэл:</p>
        <table style="border-collapse: collapse; width: 100%; max-width: 400px; margin: 20px 0;">
          <tr>
            <td style="padding: 8px; border: 1px solid #ddd; font-weight: bold;">Имэйл:</td>
            <td style="padding: 8px; border: 1px solid #ddd;">v@x.mn</td>
          </tr>
          <tr>
            <td style="padding: 8px; border: 1px solid #ddd; font-weight: bold;">Түр нууц үг:</td>
            <td style="padding: 8px; border: 1px solid #ddd; font-family: monospace;">нууц12345</td>
          </tr>
        </table>
        <p style="color: #6b7280; font-size: 13px;">Нэвтэрснийхээ дараа нууц үгээ заавал солино уу.</p>
        <br>
        <hr style="border: none; border-top: 1px solid #ddd;">
        <p style="font-size: 12px; color: #9ca3af;">Энэхүү имэйл нь автоматаар үүссэн тул хариу бичих шаардлагагүй.</p>
      </body>
    </html>
    
==================================================

==================================================
DATE: Mon, 27 Jul 2026 04:34:18 -0000
TO: acc@x.mn
SUBJECT: Bayan AI - Альфа компаниас ирсэн урилга
CONTENT:

    <html>
      <body style="font-family: Arial, sans-serif; line-height: 1.6; color: #333;">
        <h2 style="color: #4f46e5;">Bayan AI платформд тавтай морил!</h2>
        <p>Сайн байна уу,</p>
        <p>Танд <b>Альфа</b> компаниас системд хамтран ажиллах урилга ирлээ.</p>
        <p>Нэвтрэх түр мэдээлэл:</p>
        <table style="border-collapse: collapse; width: 100%; max-width: 400px; margin: 20px 0;">
          <tr>
            <td style="padding: 8px; border: 1px solid #ddd; font-weight: bold;">Имэйл:</td>
            <td style="padding: 8px; border: 1px solid #ddd;">acc@x.mn</td>
          </tr>
          <tr>
            <td style="padding: 8px; border: 1px solid #ddd; font-weight: bold;">Түр нууц үг:</td>
            <td style="padding: 8px; border: 1px solid #ddd; font-family: monospace;">нууц12345</td>
          </tr>
        </table>
        <p style="color: #6b7280; font-size: 13px;">Нэвтэрснийхээ дараа нууц үгээ заавал солино уу.</p>
        <br>
        <hr style="border: none; border-top: 1px solid #ddd;">
        <p style="font-size: 12px; color: #9ca3af;">Энэхүү имэйл нь автоматаар үүссэн тул хариу бичих шаардлагагүй.</p>
      </body>
    </html>
    
==================================================

==================================================
DATE: Mon, 27 Jul 2026 04:36:04 -0000
TO: v@x.mn
SUBJECT: Bayan AI - Альфа компаниас ирсэн урилга
CONTENT:

    <html>
      <body style="font-family: Arial, sans-serif; line-height: 1.6; color: #333;">
        <h2 style="color: #4f46e5;">Bayan AI платформд тавтай морил!</h2>
        <p>Сайн байна уу,</p>
        <p>Танд <b>Альфа</b> компаниас системд хамтран ажиллах урилга ирлээ.</p>
        <p>Нэвтрэх түр мэдээлэл:</p>
        <table style="border-collapse: collapse; width: 100%; max-width: 400px; margin: 20px 0;">
          <tr>
            <td style="padding: 8px; border: 1px solid #ddd; font-weight: bold;">Имэйл:</td>
            <td style="padding: 8px; border: 1px solid #ddd;">v@x.mn</td>
          </tr>
          <tr>
            <td style="padding: 8px; border: 1px solid #ddd; font-weight: bold;">Түр нууц үг:</td>
            <td style="padding: 8px; border: 1px solid #ddd; font-family: monospace;">нууц12345</td>
          </tr>
        </table>
        <p style="color: #6b7280; font-size: 13px;">Нэвтэрснийхээ дараа нууц үгээ заавал солино уу.</p>
        <br>
        <hr style="border: none; border-top: 1px solid #ddd;">
        <p style="font-size: 12px; color: #9ca3af;">Энэхүү имэйл нь автоматаар үүссэн тул хариу бичих шаардлагагүй.</p>
      </body>
    </html>
    
==================================================

==================================================
DATE: Mon, 27 Jul 2026 04:36:05 -0000
TO: acc@x.mn
SUBJECT: Bayan AI - Альфа компаниас ирсэн урилга
CONTENT:

    <html>
      <body style="font-family: Arial, sans-serif; line-height: 1.6; color: #333;">
        <h2 style="color: #4f46e5;">Bayan AI платформд тавтай морил!</h2>
        <p>Сайн байна уу,</p>
        <p>Танд <b>Альфа</b> компаниас системд хамтран ажиллах урилга ирлээ.</p>
        <p>Нэвтрэх түр мэдээлэл:</p>
        <table style="border-collapse: collapse; width: 100%; max-width: 400px; margin: 20px 0;">
          <tr>
            <td style="padding: 8px; border: 1px solid #ddd; font-weight: bold;">Имэйл:</td>
            <td style="padding: 8px; border: 1px solid #ddd;">acc@x.mn</td>
          </tr>
          <tr>
            <td style="padding: 8px; border: 1px solid #ddd; font-weight: bold;">Түр нууц үг:</td>
            <td style="padding: 8px; border: 1px solid #ddd; font-family: monospace;">нууц12345</td>
          </tr>
        </table>
        <p style="color: #6b7280; font-size: 13px;">Нэвтэрснийхээ дараа нууц үгээ заавал солино уу.</p>
        <br>
        <hr style="border: none; border-top: 1px solid #ddd;">
        <p style="font-size: 12px; color: #9ca3af;">Энэхүү имэйл нь автоматаар үүссэн тул хариу бичих шаардлагагүй.</p>
      </body>
    </html>
    
==================================================

==================================================
DATE: Mon, 27 Jul 2026 11:51:28 -0000
TO: v@x.mn
SUBJECT: Bayan AI - Альфа компаниас ирсэн урилга
CONTENT:

    <html>
      <body style="font-family: Arial, sans-serif; line-height: 1.6; color: #333;">
        <h2 style="color: #4f46e5;">Bayan AI платформд тавтай морил!</h2>
        <p>Сайн байна уу,</p>
        <p>Танд <b>Альфа</b> компаниас системд хамтран ажиллах урилга ирлээ.</p>
        <p>Нэвтрэх түр мэдээлэл:</p>
        <table style="border-collapse: collapse; width: 100%; max-width: 400px; margin: 20px 0;">
          <tr>
            <td style="padding: 8px; border: 1px solid #ddd; font-weight: bold;">Имэйл:</td>
            <td style="padding: 8px; border: 1px solid #ddd;">v@x.mn</td>
          </tr>
          <tr>
            <td style="padding: 8px; border: 1px solid #ddd; font-weight: bold;">Түр нууц үг:</td>
            <td style="padding: 8px; border: 1px solid #ddd; font-family: monospace;">нууц12345</td>
          </tr>
        </table>
        <p style="color: #6b7280; font-size: 13px;">Нэвтэрснийхээ дараа нууц үгээ заавал солино уу.</p>
        <br>
        <hr style="border: none; border-top: 1px solid #ddd;">
        <p style="font-size: 12px; color: #9ca3af;">Энэхүү имэйл нь автоматаар үүссэн тул хариу бичих шаардлагагүй.</p>
      </body>
    </html>
    
==================================================

==================================================
DATE: Mon, 27 Jul 2026 11:51:29 -0000
TO: acc@x.mn
SUBJECT: Bayan AI - Альфа компаниас ирсэн урилга
CONTENT:

    <html>
      <body style="font-family: Arial, sans-serif; line-height: 1.6; color: #333;">
        <h2 style="color: #4f46e5;">Bayan AI платформд тавтай морил!</h2>
        <p>Сайн байна уу,</p>
        <p>Танд <b>Альфа</b> компаниас системд хамтран ажиллах урилга ирлээ.</p>
        <p>Нэвтрэх түр мэдээлэл:</p>
        <table style="border-collapse: collapse; width: 100%; max-width: 400px; margin: 20px 0;">
          <tr>
            <td style="padding: 8px; border: 1px solid #ddd; font-weight: bold;">Имэйл:</td>
            <td style="padding: 8px; border: 1px solid #ddd;">acc@x.mn</td>
          </tr>
          <tr>
            <td style="padding: 8px; border: 1px solid #ddd; font-weight: bold;">Түр нууц үг:</td>
            <td style="padding: 8px; border: 1px solid #ddd; font-family: monospace;">нууц12345</td>
          </tr>
        </table>
        <p style="color: #6b7280; font-size: 13px;">Нэвтэрснийхээ дараа нууц үгээ заавал солино уу.</p>
        <br>
        <hr style="border: none; border-top: 1px solid #ddd;">
        <p style="font-size: 12px; color: #9ca3af;">Энэхүү имэйл нь автоматаар үүссэн тул хариу бичих шаардлагагүй.</p>
      </body>
    </html>
    
==================================================

==================================================
DATE: Mon, 27 Jul 2026 11:57:45 -0000
TO: v@x.mn
SUBJECT: Bayan AI - Альфа компаниас ирсэн урилга
CONTENT:

    <html>
      <body style="font-family: Arial, sans-serif; line-height: 1.6; color: #333;">
        <h2 style="color: #4f46e5;">Bayan AI платформд тавтай морил!</h2>
        <p>Сайн байна уу,</p>
        <p>Танд <b>Альфа</b> компаниас системд хамтран ажиллах урилга ирлээ.</p>
        <p>Нэвтрэх түр мэдээлэл:</p>
        <table style="border-collapse: collapse; width: 100%; max-width: 400px; margin: 20px 0;">
          <tr>
            <td style="padding: 8px; border: 1px solid #ddd; font-weight: bold;">Имэйл:</td>
            <td style="padding: 8px; border: 1px solid #ddd;">v@x.mn</td>
          </tr>
          <tr>
            <td style="padding: 8px; border: 1px solid #ddd; font-weight: bold;">Түр нууц үг:</td>
            <td style="padding: 8px; border: 1px solid #ddd; font-family: monospace;">нууц12345</td>
          </tr>
        </table>
        <p style="color: #6b7280; font-size: 13px;">Нэвтэрснийхээ дараа нууц үгээ заавал солино уу.</p>
        <br>
        <hr style="border: none; border-top: 1px solid #ddd;">
        <p style="font-size: 12px; color: #9ca3af;">Энэхүү имэйл нь автоматаар үүссэн тул хариу бичих шаардлагагүй.</p>
      </body>
    </html>
    
==================================================

==================================================
DATE: Mon, 27 Jul 2026 11:57:46 -0000
TO: acc@x.mn
SUBJECT: Bayan AI - Альфа компаниас ирсэн урилга
CONTENT:

    <html>
      <body style="font-family: Arial, sans-serif; line-height: 1.6; color: #333;">
        <h2 style="color: #4f46e5;">Bayan AI платформд тавтай морил!</h2>
        <p>Сайн байна уу,</p>
        <p>Танд <b>Альфа</b> компаниас системд хамтран ажиллах урилга ирлээ.</p>
        <p>Нэвтрэх түр мэдээлэл:</p>
        <table style="border-collapse: collapse; width: 100%; max-width: 400px; margin: 20px 0;">
          <tr>
            <td style="padding: 8px; border: 1px solid #ddd; font-weight: bold;">Имэйл:</td>
            <td style="padding: 8px; border: 1px solid #ddd;">acc@x.mn</td>
          </tr>
          <tr>
            <td style="padding: 8px; border: 1px solid #ddd; font-weight: bold;">Түр нууц үг:</td>
            <td style="padding: 8px; border: 1px solid #ddd; font-family: monospace;">нууц12345</td>
          </tr>
        </table>
        <p style="color: #6b7280; font-size: 13px;">Нэвтэрснийхээ дараа нууц үгээ заавал солино уу.</p>
        <br>
        <hr style="border: none; border-top: 1px solid #ddd;">
        <p style="font-size: 12px; color: #9ca3af;">Энэхүү имэйл нь автоматаар үүссэн тул хариу бичих шаардлагагүй.</p>
      </body>
    </html>
    
==================================================

==================================================
DATE: Mon, 27 Jul 2026 12:07:46 -0000
TO: v@x.mn
SUBJECT: Bayan AI - Альфа компаниас ирсэн урилга
CONTENT:

    <html>
      <body style="font-family: Arial, sans-serif; line-height: 1.6; color: #333;">
        <h2 style="color: #4f46e5;">Bayan AI платформд тавтай морил!</h2>
        <p>Сайн байна уу,</p>
        <p>Танд <b>Альфа</b> компаниас системд хамтран ажиллах урилга ирлээ.</p>
        <p>Нэвтрэх түр мэдээлэл:</p>
        <table style="border-collapse: collapse; width: 100%; max-width: 400px; margin: 20px 0;">
          <tr>
            <td style="padding: 8px; border: 1px solid #ddd; font-weight: bold;">Имэйл:</td>
            <td style="padding: 8px; border: 1px solid #ddd;">v@x.mn</td>
          </tr>
          <tr>
            <td style="padding: 8px; border: 1px solid #ddd; font-weight: bold;">Түр нууц үг:</td>
            <td style="padding: 8px; border: 1px solid #ddd; font-family: monospace;">нууц12345</td>
          </tr>
        </table>
        <p style="color: #6b7280; font-size: 13px;">Нэвтэрснийхээ дараа нууц үгээ заавал солино уу.</p>
        <br>
        <hr style="border: none; border-top: 1px solid #ddd;">
        <p style="font-size: 12px; color: #9ca3af;">Энэхүү имэйл нь автоматаар үүссэн тул хариу бичих шаардлагагүй.</p>
      </body>
    </html>
    
==================================================

==================================================
DATE: Mon, 27 Jul 2026 12:07:47 -0000
TO: acc@x.mn
SUBJECT: Bayan AI - Альфа компаниас ирсэн урилга
CONTENT:

    <html>
      <body style="font-family: Arial, sans-serif; line-height: 1.6; color: #333;">
        <h2 style="color: #4f46e5;">Bayan AI платформд тавтай морил!</h2>
        <p>Сайн байна уу,</p>
        <p>Танд <b>Альфа</b> компаниас системд хамтран ажиллах урилга ирлээ.</p>
        <p>Нэвтрэх түр мэдээлэл:</p>
        <table style="border-collapse: collapse; width: 100%; max-width: 400px; margin: 20px 0;">
          <tr>
            <td style="padding: 8px; border: 1px solid #ddd; font-weight: bold;">Имэйл:</td>
            <td style="padding: 8px; border: 1px solid #ddd;">acc@x.mn</td>
          </tr>
          <tr>
            <td style="padding: 8px; border: 1px solid #ddd; font-weight: bold;">Түр нууц үг:</td>
            <td style="padding: 8px; border: 1px solid #ddd; font-family: monospace;">нууц12345</td>
          </tr>
        </table>
        <p style="color: #6b7280; font-size: 13px;">Нэвтэрснийхээ дараа нууц үгээ заавал солино уу.</p>
        <br>
        <hr style="border: none; border-top: 1px solid #ddd;">
        <p style="font-size: 12px; color: #9ca3af;">Энэхүү имэйл нь автоматаар үүссэн тул хариу бичих шаардлагагүй.</p>
      </body>
    </html>
    
==================================================

==================================================
DATE: Mon, 27 Jul 2026 12:43:50 -0000
TO: v@x.mn
SUBJECT: Bayan AI - Альфа компаниас ирсэн урилга
CONTENT:

    <html>
      <body style="font-family: Arial, sans-serif; line-height: 1.6; color: #333;">
        <h2 style="color: #4f46e5;">Bayan AI платформд тавтай морил!</h2>
        <p>Сайн байна уу,</p>
        <p>Танд <b>Альфа</b> компаниас системд хамтран ажиллах урилга ирлээ.</p>
        <p>Нэвтрэх түр мэдээлэл:</p>
        <table style="border-collapse: collapse; width: 100%; max-width: 400px; margin: 20px 0;">
          <tr>
            <td style="padding: 8px; border: 1px solid #ddd; font-weight: bold;">Имэйл:</td>
            <td style="padding: 8px; border: 1px solid #ddd;">v@x.mn</td>
          </tr>
          <tr>
            <td style="padding: 8px; border: 1px solid #ddd; font-weight: bold;">Түр нууц үг:</td>
            <td style="padding: 8px; border: 1px solid #ddd; font-family: monospace;">нууц12345</td>
          </tr>
        </table>
        <p style="color: #6b7280; font-size: 13px;">Нэвтэрснийхээ дараа нууц үгээ заавал солино уу.</p>
        <br>
        <hr style="border: none; border-top: 1px solid #ddd;">
        <p style="font-size: 12px; color: #9ca3af;">Энэхүү имэйл нь автоматаар үүссэн тул хариу бичих шаардлагагүй.</p>
      </body>
    </html>
    
==================================================

==================================================
DATE: Mon, 27 Jul 2026 12:43:51 -0000
TO: acc@x.mn
SUBJECT: Bayan AI - Альфа компаниас ирсэн урилга
CONTENT:

    <html>
      <body style="font-family: Arial, sans-serif; line-height: 1.6; color: #333;">
        <h2 style="color: #4f46e5;">Bayan AI платформд тавтай морил!</h2>
        <p>Сайн байна уу,</p>
        <p>Танд <b>Альфа</b> компаниас системд хамтран ажиллах урилга ирлээ.</p>
        <p>Нэвтрэх түр мэдээлэл:</p>
        <table style="border-collapse: collapse; width: 100%; max-width: 400px; margin: 20px 0;">
          <tr>
            <td style="padding: 8px; border: 1px solid #ddd; font-weight: bold;">Имэйл:</td>
            <td style="padding: 8px; border: 1px solid #ddd;">acc@x.mn</td>
          </tr>
          <tr>
            <td style="padding: 8px; border: 1px solid #ddd; font-weight: bold;">Түр нууц үг:</td>
            <td style="padding: 8px; border: 1px solid #ddd; font-family: monospace;">нууц12345</td>
          </tr>
        </table>
        <p style="color: #6b7280; font-size: 13px;">Нэвтэрснийхээ дараа нууц үгээ заавал солино уу.</p>
        <br>
        <hr style="border: none; border-top: 1px solid #ddd;">
        <p style="font-size: 12px; color: #9ca3af;">Энэхүү имэйл нь автоматаар үүссэн тул хариу бичих шаардлагагүй.</p>
      </body>
    </html>
    
==================================================

